2026-03-01 09:28:33.909581 === app start ===
2026-03-01 09:28:33.915813 request_replot suspend=None in_progress=None
2026-03-01 09:28:33.981819 request_replot suspend=0 in_progress=False
2026-03-01 09:28:34.319761 _do_replot
2026-03-01 09:28:34.320762 plot_all start plots_visible=True subplots=0 df_shape=(0, 0) plot_scroll_size=(1, 1) plot_area_size=(1, 1)
2026-03-01 09:28:34.402612 plot_all done plot_area_children=1
2026-03-01 09:28:44.771606 request_replot suspend=1 in_progress=False
2026-03-01 09:28:44.961275 request_replot suspend=0 in_progress=False
2026-03-01 09:28:45.223338 _do_replot
2026-03-01 09:28:45.224452 plot_all start plots_visible=True subplots=1 df_shape=(0, 0) plot_scroll_size=(1229, 988) plot_area_size=(1195, 972)
2026-03-01 09:28:45.974376 plot_all done plot_area_children=1
2026-03-01 09:29:26.442420 request_replot suspend=0 in_progress=False
2026-03-01 09:29:26.693232 _do_replot
2026-03-01 09:29:26.693678 plot_all start plots_visible=True subplots=1 df_shape=(0, 0) plot_scroll_size=(1229, 988) plot_area_size=(1195, 972)
2026-03-01 09:29:26.878236 plot_all done plot_area_children=1
2026-03-01 09:29:29.272615 request_replot suspend=0 in_progress=False
2026-03-01 09:29:29.532053 _do_replot
2026-03-01 09:29:29.533057 plot_all start plots_visible=True subplots=1 df_shape=(0, 0) plot_scroll_size=(1229, 988) plot_area_size=(1195, 972)
2026-03-01 09:29:29.647287 plot_all done plot_area_children=1
2026-03-01 09:29:37.806063 request_replot suspend=0 in_progress=False
2026-03-01 09:29:37.884447 request_replot suspend=0 in_progress=False
2026-03-01 09:29:37.908399 request_replot suspend=0 in_progress=False
2026-03-01 09:29:37.917046 request_replot suspend=0 in_progress=False
2026-03-01 09:29:37.931685 request_replot suspend=0 in_progress=False
2026-03-01 09:29:37.948127 request_replot suspend=0 in_progress=False
2026-03-01 09:29:37.966714 request_replot suspend=0 in_progress=False
2026-03-01 09:29:37.979500 request_replot suspend=0 in_progress=False
2026-03-01 09:29:37.987714 request_replot suspend=0 in_progress=False
2026-03-01 09:29:38.014861 request_replot suspend=0 in_progress=False
2026-03-01 09:29:38.025933 request_replot suspend=0 in_progress=False
2026-03-01 09:29:38.065363 request_replot suspend=0 in_progress=False
2026-03-01 09:29:38.119055 request_replot suspend=0 in_progress=False
2026-03-01 09:29:38.371345 _do_replot
2026-03-01 09:29:38.372180 plot_all start plots_visible=True subplots=1 df_shape=(0, 0) plot_scroll_size=(1229, 988) plot_area_size=(1195, 972)
2026-03-01 09:29:39.014268 plot_all done plot_area_children=1
2026-03-01 09:30:28.479631 request_replot suspend=0 in_progress=False
2026-03-01 09:30:28.731263 _do_replot
2026-03-01 09:30:28.731900 plot_all start plots_visible=True subplots=1 df_shape=(0, 0) plot_scroll_size=(1229, 988) plot_area_size=(1195, 972)
2026-03-01 09:30:29.618073 plot_all done plot_area_children=1
2026-03-01 09:30:29.631071 request_replot suspend=0 in_progress=False
2026-03-01 09:30:29.993273 _do_replot
2026-03-01 09:30:29.993812 plot_all start plots_visible=True subplots=1 df_shape=(0, 0) plot_scroll_size=(1229, 988) plot_area_size=(1195, 972)
2026-03-01 09:30:31.178582 plot_all done plot_area_children=1
2026-03-01 09:30:31.189644 request_replot suspend=0 in_progress=False
2026-03-01 09:30:31.510843 _do_replot
2026-03-01 09:30:31.511522 plot_all start plots_visible=True subplots=1 df_shape=(0, 0) plot_scroll_size=(1229, 988) plot_area_size=(1195, 972)
2026-03-01 09:30:33.117701 plot_all done plot_area_children=1
2026-03-01 09:30:48.648095 request_replot suspend=0 in_progress=False
2026-03-01 09:30:48.898907 _do_replot
2026-03-01 09:30:48.899508 plot_all start plots_visible=True subplots=1 df_shape=(0, 0) plot_scroll_size=(1229, 988) plot_area_size=(1195, 972)
2026-03-01 09:30:50.062715 plot_all done plot_area_children=1
2026-03-01 10:07:48.499324 === app start ===
2026-03-01 10:07:48.503750 request_replot suspend=None in_progress=None
2026-03-01 10:07:48.551858 request_replot suspend=0 in_progress=False
2026-03-01 10:07:48.872935 _do_replot
2026-03-01 10:07:48.873935 plot_all start plots_visible=True subplots=0 df_shape=(0, 0) plot_scroll_size=(1, 1) plot_area_size=(1, 1)
2026-03-01 10:07:48.957907 plot_all done plot_area_children=1
2026-03-01 10:07:56.716003 request_replot suspend=1 in_progress=False
2026-03-01 10:07:56.913224 request_replot suspend=0 in_progress=False
2026-03-01 10:07:57.166867 _do_replot
2026-03-01 10:07:57.167461 plot_all start plots_visible=True subplots=1 df_shape=(0, 0) plot_scroll_size=(1229, 988) plot_area_size=(1195, 972)
2026-03-01 10:07:57.278318 plot_all done plot_area_children=1
2026-03-01 10:08:04.705882 request_replot suspend=0 in_progress=False
2026-03-01 10:08:04.959493 _do_replot
2026-03-01 10:08:04.959493 plot_all start plots_visible=True subplots=1 df_shape=(0, 0) plot_scroll_size=(1229, 988) plot_area_size=(1195, 972)
2026-03-01 10:08:05.058635 plot_all done plot_area_children=1
2026-03-01 10:08:07.736779 request_replot suspend=0 in_progress=False
2026-03-01 10:08:07.988402 _do_replot
2026-03-01 10:08:07.988402 plot_all start plots_visible=True subplots=1 df_shape=(0, 0) plot_scroll_size=(1229, 988) plot_area_size=(1195, 972)
2026-03-01 10:08:08.071092 plot_all done plot_area_children=1
2026-03-01 10:08:15.523299 request_replot suspend=0 in_progress=False
2026-03-01 10:08:15.775877 _do_replot
2026-03-01 10:08:15.776441 plot_all start plots_visible=True subplots=1 df_shape=(0, 0) plot_scroll_size=(1229, 988) plot_area_size=(1195, 972)
2026-03-01 10:08:15.871621 plot_all done plot_area_children=1
2026-03-01 10:08:56.347802 request_replot suspend=0 in_progress=False
2026-03-01 10:08:56.599381 _do_replot
2026-03-01 10:08:56.599880 plot_all start plots_visible=True subplots=1 df_shape=(0, 0) plot_scroll_size=(1229, 988) plot_area_size=(1195, 972)
2026-03-01 10:08:56.693239 plot_all done plot_area_children=1
2026-03-01 10:08:59.098976 request_replot suspend=0 in_progress=False
2026-03-01 10:08:59.352388 _do_replot
2026-03-01 10:08:59.352933 plot_all start plots_visible=True subplots=1 df_shape=(0, 0) plot_scroll_size=(1229, 988) plot_area_size=(1195, 972)
2026-03-01 10:08:59.441286 plot_all done plot_area_children=1
2026-03-01 10:09:07.768787 request_replot suspend=0 in_progress=False
2026-03-01 10:09:07.839432 request_replot suspend=0 in_progress=False
2026-03-01 10:09:07.861524 request_replot suspend=0 in_progress=False
2026-03-01 10:09:07.877099 request_replot suspend=0 in_progress=False
2026-03-01 10:09:07.882232 request_replot suspend=0 in_progress=False
2026-03-01 10:09:07.907613 request_replot suspend=0 in_progress=False
2026-03-01 10:09:07.913835 request_replot suspend=0 in_progress=False
2026-03-01 10:09:07.918067 request_replot suspend=0 in_progress=False
2026-03-01 10:09:07.928057 request_replot suspend=0 in_progress=False
2026-03-01 10:09:07.934675 request_replot suspend=0 in_progress=False
2026-03-01 10:09:07.945179 request_replot suspend=0 in_progress=False
2026-03-01 10:09:07.961093 request_replot suspend=0 in_progress=False
2026-03-01 10:09:07.976829 request_replot suspend=0 in_progress=False
2026-03-01 10:09:08.042015 request_replot suspend=0 in_progress=False
2026-03-01 10:09:08.108623 request_replot suspend=0 in_progress=False
2026-03-01 10:09:08.201066 request_replot suspend=0 in_progress=False
2026-03-01 10:09:08.254666 request_replot suspend=0 in_progress=False
2026-03-01 10:09:08.319105 request_replot suspend=0 in_progress=False
2026-03-01 10:09:08.381571 request_replot suspend=0 in_progress=False
2026-03-01 10:09:08.442692 request_replot suspend=0 in_progress=False
2026-03-01 10:09:08.694898 _do_replot
2026-03-01 10:09:08.695459 plot_all start plots_visible=True subplots=1 df_shape=(0, 0) plot_scroll_size=(1229, 988) plot_area_size=(1195, 972)
2026-03-01 10:09:10.550754 plot_all done plot_area_children=1
2026-03-01 10:09:10.552886 request_replot suspend=0 in_progress=False
2026-03-01 10:09:11.023598 _do_replot
2026-03-01 10:09:11.024167 plot_all start plots_visible=True subplots=1 df_shape=(0, 0) plot_scroll_size=(1229, 988) plot_area_size=(1195, 972)
2026-03-01 10:09:11.390246 plot_all done plot_area_children=1
2026-03-01 10:09:28.975677 request_replot suspend=0 in_progress=False
2026-03-01 10:09:29.235690 _do_replot
2026-03-01 10:09:29.236721 plot_all start plots_visible=True subplots=1 df_shape=(0, 0) plot_scroll_size=(1229, 988) plot_area_size=(1195, 972)
2026-03-01 10:09:29.621407 plot_all done plot_area_children=1
2026-03-01 10:10:30.294565 request_replot suspend=0 in_progress=False
2026-03-01 10:10:30.294844 request_replot suspend=0 in_progress=False
2026-03-01 10:10:30.552370 _do_replot
2026-03-01 10:10:30.552980 plot_all start plots_visible=True subplots=1 df_shape=(0, 0) plot_scroll_size=(1229, 988) plot_area_size=(1195, 972)
2026-03-01 10:10:30.929824 plot_all done plot_area_children=1
2026-03-01 10:10:39.164258 request_replot suspend=0 in_progress=False
2026-03-01 10:10:39.414698 _do_replot
2026-03-01 10:10:39.415349 plot_all start plots_visible=True subplots=1 df_shape=(0, 0) plot_scroll_size=(1229, 988) plot_area_size=(1195, 972)
2026-03-01 10:10:40.434617 plot_all done plot_area_children=1
2026-03-01 10:10:40.450268 request_replot suspend=0 in_progress=False
2026-03-01 10:10:40.723416 _do_replot
2026-03-01 10:10:40.723984 plot_all start plots_visible=True subplots=1 df_shape=(0, 0) plot_scroll_size=(1229, 988) plot_area_size=(1195, 972)
2026-03-01 10:10:42.430038 plot_all done plot_area_children=1
2026-03-01 10:10:42.444388 request_replot suspend=0 in_progress=False
2026-03-01 10:10:42.804372 _do_replot
2026-03-01 10:10:42.805372 plot_all start plots_visible=True subplots=1 df_shape=(0, 0) plot_scroll_size=(1229, 988) plot_area_size=(1195, 972)
2026-03-01 10:10:44.847136 plot_all done plot_area_children=1
2026-03-01 21:10:57.598206 === app start ===
2026-03-01 21:10:57.604205 request_replot suspend=None in_progress=None
2026-03-01 21:10:57.691173 request_replot suspend=0 in_progress=False
2026-03-01 21:10:58.190521 _do_replot
2026-03-01 21:10:58.191520 plot_all start plots_visible=True subplots=0 df_shape=(0, 0) plot_scroll_size=(1, 1) plot_area_size=(1, 1)
2026-03-01 21:10:58.295095 plot_all done plot_area_children=1
2026-03-01 21:11:06.578002 request_replot suspend=1 in_progress=False
2026-03-01 21:11:06.707315 request_replot suspend=0 in_progress=False
2026-03-01 21:11:06.958541 _do_replot
2026-03-01 21:11:06.959077 plot_all start plots_visible=True subplots=1 df_shape=(0, 0) plot_scroll_size=(545, 1116) plot_area_size=(511, 1100)
2026-03-01 21:11:07.272827 plot_all done plot_area_children=1
2026-03-01 21:11:39.042729 request_replot suspend=0 in_progress=False
2026-03-01 21:11:39.043252 request_replot suspend=0 in_progress=False
2026-03-01 21:11:39.293796 _do_replot
2026-03-01 21:11:39.294878 plot_all start plots_visible=True subplots=1 df_shape=(0, 0) plot_scroll_size=(545, 1116) plot_area_size=(511, 1100)
2026-03-01 21:11:39.448784 plot_all done plot_area_children=1
2026-03-01 21:11:46.208863 request_replot suspend=0 in_progress=False
2026-03-01 21:11:46.209396 request_replot suspend=0 in_progress=False
2026-03-01 21:11:46.462693 _do_replot
2026-03-01 21:11:46.462693 plot_all start plots_visible=True subplots=1 df_shape=(0, 0) plot_scroll_size=(545, 1116) plot_area_size=(511, 1100)
2026-03-01 21:11:46.624084 plot_all done plot_area_children=1
